******************************************************************************
                  TI ARM Linker PC v18.12.5                    
******************************************************************************
>> Linked Sun May 17 18:57:14 2020

OUTPUT FILE NAME:   <Lab9_matthewgrossweiler.out>
ENTRY POINT SYMBOL: "_c_int00_noargs"  address: 00003d55


MEMORY CONFIGURATION

         name            origin    length      used     unused   attr    fill
----------------------  --------  ---------  --------  --------  ----  --------
  FLASH                 00000000   00020000  00004030  0001bfd0  R  X
  SRAM                  20000000   00008000  00001058  00006fa8  RW X


SEGMENT ALLOCATION MAP

run origin  load origin   length   init length attrs members
----------  ----------- ---------- ----------- ----- -------
00000000    00000000    00004030   00004030    r-x
  00000000    00000000    0000026c   0000026c    r-- .intvecs
  0000026c    0000026c    00003c5c   00003c5c    r-x .text
  00003ec8    00003ec8    00000138   00000138    r-- .const
  00004000    00004000    00000030   00000030    r-- .cinit
20000000    20000000    00001058   00000000    rw-
  20000000    20000000    00001000   00000000    rw- .stack
  20001000    20001000    00000054   00000000    rw- .bss
  20001054    20001054    00000004   00000000    rw- .data


SECTION ALLOCATION MAP

 output                                  attributes/
section   page    origin      length       input sections
--------  ----  ----------  ----------   ----------------
.intvecs   0    00000000    0000026c     
                  00000000    0000026c     tm4c123ge6pm_startup_ccs.obj (.intvecs)

.text      0    0000026c    00003c5c     
                  0000026c    00000e88     main.obj (.text)
                  000010f4    00000a4e     rtsv7M4_T_le_v4SPD16_eabi.lib : _printfi.c.obj (.text:__TI_printfi)
                  00001b42    00000002                                   : div0.asm.obj (.text)
                  00001b44    000009c0                                   : e_pow.c.obj (.text:pow)
                  00002504    00000270                                   : _printfi.c.obj (.text:_pconv_a)
                  00002774    000001d0                                   : _printfi.c.obj (.text:_pconv_g)
                  00002944    000001b6                                   : fd_add_t2.asm.obj (.text)
                  00002afa    00000002     --HOLE-- [fill = 0]
                  00002afc    0000017c     uart0.obj (.text)
                  00002c78    00000158     rtsv7M4_T_le_v4SPD16_eabi.lib : e_sqrt.c.obj (.text:sqrt)
                  00002dd0    0000013c                                   : _printfi.c.obj (.text:_pconv_e)
                  00002f0c    00000136                                   : fd_div_t2.asm.obj (.text)
                  00003042    00000002     --HOLE-- [fill = 0]
                  00003044    00000124                                   : _printfi.c.obj (.text:fcvt)
                  00003168    00000110                                   : s_scalbn.c.obj (.text:scalbn)
                  00003278    00000104     adc0.obj (.text)
                  0000337c    000000fc     rtsv7M4_T_le_v4SPD16_eabi.lib : fd_mul_t2.asm.obj (.text)
                  00003478    000000f8                                   : s_floor.c.obj (.text:floor)
                  00003570    000000b1                                   : _printfi.c.obj (.text:_ltostr)
                  00003621    00000001     --HOLE-- [fill = 0]
                  00003622    0000009c                                   : memcpy_t2.asm.obj (.text)
                  000036be    00000096                                   : ull_div_t2.asm.obj (.text)
                  00003754    00000086                                   : fd_cmp_t2.asm.obj (.text:__aeabi_cdcmple)
                  000037da    00000086                                   : fd_cmp_t2.asm.obj (.text:__aeabi_cdrcmple)
                  00003860    0000007a                                   : memset_t2.asm.obj (.text)
                  000038da    0000006e                                   : _printfi.c.obj (.text:_mcpy)
                  00003948    0000006e                                   : fd_tos_t2.asm.obj (.text)
                  000039b6    00000068                                   : copy_decompress_lzss.c.obj (.text:decompress:lzss:__TI_decompress_lzss)
                  00003a1e    00000002     --HOLE-- [fill = 0]
                  00003a20    00000064                                   : s_frexp.c.obj (.text:frexp)
                  00003a84    00000056                                   : _printfi.c.obj (.text:_pconv_f)
                  00003ada    00000054                                   : ltoa.c.obj (.text:ltoa)
                  00003b2e    00000052                                   : _printfi.c.obj (.text:_ecpy)
                  00003b80    0000004c                                   : atoi.c.obj (.text:atoi)
                  00003bcc    00000048                                   : fd_toi_t2.asm.obj (.text)
                  00003c14    00000044                                   : autoinit.c.obj (.text:__TI_auto_init_nobinit_nopinit:__TI_auto_init_nobinit_nopinit)
                  00003c58    00000044                                   : fd_tou_t2.asm.obj (.text)
                  00003c9c    00000040                                   : sprintf.c.obj (.text:sprintf)
                  00003cdc    0000003e                                   : _printfi.c.obj (.text:_fcpy)
                  00003d1a    00000038                                   : fs_tod_t2.asm.obj (.text)
                  00003d52    00000002     --HOLE-- [fill = 0]
                  00003d54    00000034                                   : boot_cortex_m.c.obj (.text:_c_int00_noargs:_c_int00_noargs)
                  00003d88    0000002e                                   : i_tofd_t2.asm.obj (.text)
                  00003db6    00000020                                   : u_tofd_t2.asm.obj (.text)
                  00003dd6    0000001c                                   : copy_zero_init.c.obj (.text:decompress:ZI:__TI_zero_init_nomemset:__TI_zero_init_nomemset)
                  00003df2    0000001c                                   : memccpy.c.obj (.text:memccpy)
                  00003e0e    0000001a                                   : s_copysign.c.obj (.text:copysign)
                  00003e28    00000018                                   : sprintf.c.obj (.text:_outs)
                  00003e40    00000018                                   : strcmp.c.obj (.text:strcmp)
                  00003e58    00000016                                   : strchr.c.obj (.text:strchr)
                  00003e6e    00000014                                   : strlen.c.obj (.text:strlen)
                  00003e82    00000012                                   : wcslen.c.obj (.text:wcslen)
                  00003e94    0000000e                                   : copy_decompress_none.c.obj (.text:decompress:none:__TI_decompress_none)
                  00003ea2    0000000c     tm4c123ge6pm_startup_ccs.obj (.text)
                  00003eae    0000000a     rtsv7M4_T_le_v4SPD16_eabi.lib : sprintf.c.obj (.text:_outc)
                  00003eb8    00000008                                   : errno.c.obj (.text:__aeabi_errno_addr)
                  00003ec0    00000004                                   : pre_init.c.obj (.text:_system_pre_init)
                  00003ec4    00000004                                   : exit.c.obj (.text:abort:abort)

.const     0    00003ec8    00000138     
                  00003ec8    00000101     rtsv7M4_T_le_v4SPD16_eabi.lib : ctype.c.obj (.const:.string:_ctypes_)
                  00003fc9    00000007     --HOLE-- [fill = 0]
                  00003fd0    00000030                                   : e_pow.c.obj (.const:$O1$$)

.cinit     0    00004000    00000030     
                  00004000    0000000c     (__TI_handler_table)
                  0000400c    00000004     --HOLE-- [fill = 0]
                  00004010    00000008     (.cinit..bss.load) [load image, compression = zero_init]
                  00004018    00000007     (.cinit..data.load) [load image, compression = lzss]
                  0000401f    00000001     --HOLE-- [fill = 0]
                  00004020    00000010     (__TI_cinit_table)

.init_array 
*          0    00000000    00000000     UNINITIALIZED

.bss       0    20001000    00000054     UNINITIALIZED
                  20001000    00000054     (.common:FS)

.data      0    20001054    00000004     UNINITIALIZED
                  20001054    00000004     rtsv7M4_T_le_v4SPD16_eabi.lib : errno.c.obj (.data)

.stack     0    20000000    00001000     UNINITIALIZED
                  20000000    00000004     rtsv7M4_T_le_v4SPD16_eabi.lib : boot_cortex_m.c.obj (.stack)
                  20000004    00000ffc     --HOLE--

MODULE SUMMARY

       Module                         code    ro data   rw data
       ------                         ----    -------   -------
    .\
       main.obj                       3720    0         84     
       tm4c123ge6pm_startup_ccs.obj   12      620       0      
       uart0.obj                      380     0         0      
       adc0.obj                       260     0         0      
    +--+------------------------------+-------+---------+---------+
       Total:                         4372    620       84     
                                                               
    C:\ti\ccs930\ccs\tools\compiler\ti-cgt-arm_18.12.5.LTS\lib\rtsv7M4_T_le_v4SPD16_eabi.lib
       _printfi.c.obj                 4851    0         0      
       e_pow.c.obj                    2496    48        0      
       fd_add_t2.asm.obj              438     0         0      
       e_sqrt.c.obj                   344     0         0      
       fd_div_t2.asm.obj              310     0         0      
       s_scalbn.c.obj                 272     0         0      
       fd_cmp_t2.asm.obj              268     0         0      
       ctype.c.obj                    0       257       0      
       fd_mul_t2.asm.obj              252     0         0      
       s_floor.c.obj                  248     0         0      
       memcpy_t2.asm.obj              156     0         0      
       ull_div_t2.asm.obj             150     0         0      
       memset_t2.asm.obj              122     0         0      
       fd_tos_t2.asm.obj              110     0         0      
       copy_decompress_lzss.c.obj     104     0         0      
       s_frexp.c.obj                  100     0         0      
       sprintf.c.obj                  98      0         0      
       ltoa.c.obj                     84      0         0      
       atoi.c.obj                     76      0         0      
       fd_toi_t2.asm.obj              72      0         0      
       autoinit.c.obj                 68      0         0      
       fd_tou_t2.asm.obj              68      0         0      
       fs_tod_t2.asm.obj              56      0         0      
       boot_cortex_m.c.obj            52      0         0      
       i_tofd_t2.asm.obj              46      0         0      
       u_tofd_t2.asm.obj              32      0         0      
       copy_zero_init.c.obj           28      0         0      
       memccpy.c.obj                  28      0         0      
       s_copysign.c.obj               26      0         0      
       strcmp.c.obj                   24      0         0      
       strchr.c.obj                   22      0         0      
       strlen.c.obj                   20      0         0      
       wcslen.c.obj                   18      0         0      
       copy_decompress_none.c.obj     14      0         0      
       errno.c.obj                    8       0         4      
       exit.c.obj                     4       0         0      
       pre_init.c.obj                 4       0         0      
       div0.asm.obj                   2       0         0      
    +--+------------------------------+-------+---------+---------+
       Total:                         11071   305       4      
                                                               
       Stack:                         0       0         4096   
       Linker Generated:              0       43        0      
    +--+------------------------------+-------+---------+---------+
       Grand Total:                   15443   968       4184   


LINKER GENERATED COPY TABLES

__TI_cinit_table @ 00004020 records: 2, size/record: 8, table size: 16
	.bss: load addr=00004010, load size=00000008 bytes, run addr=20001000, run size=00000054 bytes, compression=zero_init
	.data: load addr=00004018, load size=00000007 bytes, run addr=20001054, run size=00000004 bytes, compression=lzss


LINKER GENERATED HANDLER TABLE

__TI_handler_table @ 00004000 records: 3, size/record: 4, table size: 12
	index: 0, handler: __TI_decompress_lzss
	index: 1, handler: __TI_decompress_none
	index: 2, handler: __TI_zero_init


GLOBAL SYMBOLS: SORTED ALPHABETICALLY BY Name 

address   name                          
-------   ----                          
00003ec5  C$$EXIT                       
20001000  FS                            
00003ea3  ResetISR                      
20001000  __STACK_END                   
00001000  __STACK_SIZE                  
20000200  __STACK_TOP                   
00004020  __TI_CINIT_Base               
00004030  __TI_CINIT_Limit              
00004000  __TI_Handler_Table_Base       
0000400c  __TI_Handler_Table_Limit      
00003c15  __TI_auto_init_nobinit_nopinit
000039b7  __TI_decompress_lzss          
00003e95  __TI_decompress_none          
ffffffff  __TI_pprof_out_hndl           
000010f5  __TI_printfi                  
ffffffff  __TI_prof_data_size           
ffffffff  __TI_prof_data_start          
00000000  __TI_static_base__            
00003dd7  __TI_zero_init_nomemset       
00003755  __aeabi_cdcmpeq               
00003755  __aeabi_cdcmple               
000037db  __aeabi_cdrcmple              
00003949  __aeabi_d2f                   
00003bcd  __aeabi_d2iz                  
00003c59  __aeabi_d2uiz                 
0000294f  __aeabi_dadd                  
00002f0d  __aeabi_ddiv                  
0000337d  __aeabi_dmul                  
00002945  __aeabi_dsub                  
00003eb9  __aeabi_errno_addr            
00003d1b  __aeabi_f2d                   
00003d89  __aeabi_i2d                   
00001b43  __aeabi_idiv0                 
00001b43  __aeabi_ldiv0                 
00003861  __aeabi_memclr                
00003861  __aeabi_memclr4               
00003861  __aeabi_memclr8               
00003623  __aeabi_memcpy                
00003623  __aeabi_memcpy4               
00003623  __aeabi_memcpy8               
00003863  __aeabi_memset                
00003863  __aeabi_memset4               
00003863  __aeabi_memset8               
00003db7  __aeabi_ui2d                  
000036bf  __aeabi_uldivmod              
ffffffff  __binit__                     
ffffffff  __c_args__                    
UNDEFED   __mpu_init                    
20000000  __stack                       
00003d55  _c_int00_noargs               
00003ec8  _ctypes_                      
UNDEFED   _system_post_cinit            
00003ec1  _system_pre_init              
00003ec5  abort                         
00003b81  atoi                          
ffffffff  binit                         
00003e0f  copysign                      
00003e0f  copysignl                     
00000907  disablePump                   
000008fb  enablePump                    
20001054  errno                         
00003479  floor                         
00003479  floorl                        
00003a21  frexp                         
00003a21  frexpl                        
00000000  g_pfnVectors                  
000008bb  getBatteryLevel               
00000b61  getCurrentSeconds             
00000705  getFieldInteger               
00000671  getFieldString                
00000855  getLightPercentage            
00000883  getMoisturePercentage         
000007fd  getVolume                     
00002c05  getcUart0                     
0000039b  getsUart0                     
00003279  initAdc0Ss3                   
0000026d  initHw                        
00002afd  initUart0                     
000007bd  isCommand                     
00000b79  isWateringAllowed             
00002c19  kbhitUart0                    
00003169  ldexp                         
00003169  ldexpl                        
00003adb  ltoa                          
00000be9  main                          
00003df3  memccpy                       
00003623  memcpy                        
00003869  memset                        
00000481  parseField                    
0000093d  playBatteryLowAlert           
00000a59  playWaterLowAlert             
00001b45  pow                           
00001b45  powl                          
00002bbd  putcUart0                     
00002bd9  putsUart0                     
0000332b  readAdc0Ss3                   
00003169  scalbn                        
00003169  scalbnl                       
000032bf  setAdc0Ss3Log2AverageCount    
00003303  setAdc0Ss3Mux                 
00002b91  setUart0BaudRate              
00003c9d  sprintf                       
00002c79  sqrt                          
00002c79  sqrtl                         
00003e59  strchr                        
00003e41  strcmp                        
00003e6f  strlen                        
00000b4f  timer2Isr                     
00000913  waitMicrosecond               
00003e83  wcslen                        


GLOBAL SYMBOLS: SORTED BY Symbol Address 

address   name                          
-------   ----                          
00000000  __TI_static_base__            
00000000  g_pfnVectors                  
0000026d  initHw                        
0000039b  getsUart0                     
00000481  parseField                    
00000671  getFieldString                
00000705  getFieldInteger               
000007bd  isCommand                     
000007fd  getVolume                     
00000855  getLightPercentage            
00000883  getMoisturePercentage         
000008bb  getBatteryLevel               
000008fb  enablePump                    
00000907  disablePump                   
00000913  waitMicrosecond               
0000093d  playBatteryLowAlert           
00000a59  playWaterLowAlert             
00000b4f  timer2Isr                     
00000b61  getCurrentSeconds             
00000b79  isWateringAllowed             
00000be9  main                          
00001000  __STACK_SIZE                  
000010f5  __TI_printfi                  
00001b43  __aeabi_idiv0                 
00001b43  __aeabi_ldiv0                 
00001b45  pow                           
00001b45  powl                          
00002945  __aeabi_dsub                  
0000294f  __aeabi_dadd                  
00002afd  initUart0                     
00002b91  setUart0BaudRate              
00002bbd  putcUart0                     
00002bd9  putsUart0                     
00002c05  getcUart0                     
00002c19  kbhitUart0                    
00002c79  sqrt                          
00002c79  sqrtl                         
00002f0d  __aeabi_ddiv                  
00003169  ldexp                         
00003169  ldexpl                        
00003169  scalbn                        
00003169  scalbnl                       
00003279  initAdc0Ss3                   
000032bf  setAdc0Ss3Log2AverageCount    
00003303  setAdc0Ss3Mux                 
0000332b  readAdc0Ss3                   
0000337d  __aeabi_dmul                  
00003479  floor                         
00003479  floorl                        
00003623  __aeabi_memcpy                
00003623  __aeabi_memcpy4               
00003623  __aeabi_memcpy8               
00003623  memcpy                        
000036bf  __aeabi_uldivmod              
00003755  __aeabi_cdcmpeq               
00003755  __aeabi_cdcmple               
000037db  __aeabi_cdrcmple              
00003861  __aeabi_memclr                
00003861  __aeabi_memclr4               
00003861  __aeabi_memclr8               
00003863  __aeabi_memset                
00003863  __aeabi_memset4               
00003863  __aeabi_memset8               
00003869  memset                        
00003949  __aeabi_d2f                   
000039b7  __TI_decompress_lzss          
00003a21  frexp                         
00003a21  frexpl                        
00003adb  ltoa                          
00003b81  atoi                          
00003bcd  __aeabi_d2iz                  
00003c15  __TI_auto_init_nobinit_nopinit
00003c59  __aeabi_d2uiz                 
00003c9d  sprintf                       
00003d1b  __aeabi_f2d                   
00003d55  _c_int00_noargs               
00003d89  __aeabi_i2d                   
00003db7  __aeabi_ui2d                  
00003dd7  __TI_zero_init_nomemset       
00003df3  memccpy                       
00003e0f  copysign                      
00003e0f  copysignl                     
00003e41  strcmp                        
00003e59  strchr                        
00003e6f  strlen                        
00003e83  wcslen                        
00003e95  __TI_decompress_none          
00003ea3  ResetISR                      
00003eb9  __aeabi_errno_addr            
00003ec1  _system_pre_init              
00003ec5  C$$EXIT                       
00003ec5  abort                         
00003ec8  _ctypes_                      
00004000  __TI_Handler_Table_Base       
0000400c  __TI_Handler_Table_Limit      
00004020  __TI_CINIT_Base               
00004030  __TI_CINIT_Limit              
20000000  __stack                       
20000200  __STACK_TOP                   
20001000  FS                            
20001000  __STACK_END                   
20001054  errno                         
ffffffff  __TI_pprof_out_hndl           
ffffffff  __TI_prof_data_size           
ffffffff  __TI_prof_data_start          
ffffffff  __binit__                     
ffffffff  __c_args__                    
ffffffff  binit                         
UNDEFED   __mpu_init                    
UNDEFED   _system_post_cinit            

[110 symbols]
